
> nola-sms-pro@0.0.0 build
> tsc -b && vite build

src/pages/admin/AdminLayout.tsx(71,69): error TS6133: 'toggleDarkMode' is declared but its value is never read.
